// Jest Snapshot v1, https://goo.gl/fbAQLP

exports[`test gather types should gather 1`] = `
Object {
  "Admin": Object {
    "adminRecord": Object {
      "studentsPassedEachYear": Array [
        96764,
        63230,
      ],
    },
    "emailAddress": "力都器史。",
    "firstName": "本她至。",
    "lastName": "织程只。",
    "username": "指会近东强受。",
  },
  "AdminRecord": Object {
    "studentsPassedEachYear": Array [
      189519,
      97719,
    ],
  },
  "ICommonData": Object {
    "alert": [Function],
    "onBtnTap": [Function],
    "pushWindow": [Function],
    "query": Object {},
  },
  "SchoolRecord": Object {
    "endDate": "出角商名。",
    "grades": Array [
      72167,
      194532,
    ],
    "isActive": true,
    "startDate": "象题色济没。",
  },
  "Student": Object {
    "emailAddress": "百根基格色想连是。",
    "firstName": "计成技却阶织向。",
    "lastName": "矿色体实大越特进。",
    "schoolRecord": Object {
      "endDate": "教权但除造土志代。",
      "grades": Array [
        10382,
        178251,
        37529,
      ],
      "isActive": true,
      "startDate": "者了过年。",
    },
    "username": "却务使天行种。",
  },
  "User": Object {
    "emailAddress": "素离及。",
    "firstName": "你据家解。",
    "lastName": "不价新员周们关之。",
    "username": "或文类标命义院。",
  },
}
`;
